[dotenv@17.2.3] injecting env (10) from .env -- tip: ΓÜÖ∩╕Å  override existing env vars with { override: true }
-----------------------------------------
Testing OpenAI API Key validity...
Sending test request to OpenAI...
node : API REQUEST 
FAILED!
At line:1 char:1
+ node test-key.js > 
test_output.txt 2>&1
+ ~~~~~~~~~~~~~~~~~~~~~~~
~~~~~~~~~~~~~~~~
    + CategoryInfo       
       : NotSpecified:   
  (API REQUEST FAILED!   
 :String) [], RemoteE    
xception
    + FullyQualifiedErro 
   rId : NativeCommandE  
  rror
 
Error Type: 
AuthenticationError
Status: 401
Message: 401 Incorrect 
API key provided: sk-proj
-************************
********aEFe. You can 
find your API key at http
s://platform.openai.com/a
ccount/api-keys.
Code: invalid_api_key

>>> DIAGNOSIS: Your API Key is invalid.
-----------------------------------------
